> Task :app:preBuild UP-TO-DATE
> Task :app:preDebugBuild UP-TO-DATE
> Task :app:generateDebugBuildConfig UP-TO-DATE
> Task :app:generateDebugResources UP-TO-DATE
> Task :app:packageDebugResources UP-TO-DATE
> Task :app:processDebugNavigationResources UP-TO-DATE
> Task :app:parseDebugLocalResources UP-TO-DATE
> Task :app:generateDebugRFile UP-TO-DATE
> Task :app:javaPreCompileDebug UP-TO-DATE
> Task :app:checkDebugAarMetadata UP-TO-DATE
> Task :app:mapDebugSourceSetPaths UP-TO-DATE
> Task :app:compileDebugNavigationResources UP-TO-DATE
> Task :app:mergeDebugResources UP-TO-DATE
> Task :app:createDebugCompatibleScreenManifests UP-TO-DATE
> Task :app:extractDeepLinksDebug UP-TO-DATE
> Task :app:processDebugMainManifest UP-TO-DATE
> Task :app:processDebugManifest UP-TO-DATE
> Task :app:processDebugManifestForPackage UP-TO-DATE
> Task :app:processDebugResources UP-TO-DATE
> Task :app:preDebugUnitTestBuild UP-TO-DATE
> Task :app:javaPreCompileDebugUnitTest UP-TO-DATE
> Task :app:kspDebugKotlin
> Task :app:compileDebugKotlin
> Task :app:compileDebugJavaWithJavac UP-TO-DATE
> Task :app:processDebugJavaRes UP-TO-DATE
> Task :app:bundleDebugClassesToRuntimeJar
> Task :app:bundleDebugClassesToCompileJar
> Task :app:kspDebugUnitTestKotlin
> Task :app:compileDebugUnitTestKotlin
> Task :app:compileDebugUnitTestJavaWithJavac NO-SOURCE
> Task :app:processDebugUnitTestJavaRes UP-TO-DATE

> Task :app:testDebugUnitTest FAILED

CleanupTest > noImbalanceKeepsOriginal FAILED
    java.lang.IllegalStateException at CleanupTest.kt:11

CleanupTest > musicAndVocalVetoEvenVeryConfidentSpeech FAILED
    java.lang.IllegalStateException at CleanupTest.kt:7

CleanupTest > highSpeechOnlyModifiesDominantChannelAndCrossfades FAILED
    java.lang.IllegalStateException at CleanupTest.kt:9

CleanupTest > oneHitCannotModifyAudio FAILED
    java.lang.IllegalStateException at CleanupTest.kt:8

CleanupTest > uncertainDetectionRetainsExactInput FAILED
    java.lang.IllegalStateException at CleanupTest.kt:6

CleanupTest > sideMustStayStableAcrossAdjacentWindows FAILED
    java.lang.IllegalStateException at CleanupTest.kt:10

23 tests completed, 6 failed

FAILURE: Build failed with an exception.

* What went wrong:
Execution failed for task ':app:testDebugUnitTest'.
> There were failing tests. See the report at: file:///Users/zzymima0000/Developer/coding/1.Active/041-ing-nightrec/app/build/reports/tests/testDebugUnitTest/index.html

* Try:
> Run with --scan to get full insights from a Build Scan (powered by Develocity).

BUILD FAILED in 2s
28 actionable tasks: 7 executed, 21 up-to-date
