Starting a Gradle Daemon, 1 incompatible Daemon could not be reused, use --status for details
> Task :app:preBuild UP-TO-DATE
> Task :app:preDebugBuild UP-TO-DATE
> Task :app:generateDebugBuildConfig
> Task :app:generateDebugResources
> Task :app:packageDebugResources
> Task :app:processDebugNavigationResources
> Task :app:parseDebugLocalResources
> Task :app:javaPreCompileDebug
> Task :app:generateDebugRFile
> Task :app:checkDebugAarMetadata FAILED
> Task :app:kspDebugKotlin

FAILURE: Build failed with an exception.

* What went wrong:
Execution failed for task ':app:checkDebugAarMetadata' (registered by plugin 'com.android.internal.application').
> A failure occurred while executing com.android.build.gradle.internal.tasks.CheckAarMetadataWorkAction
   > 11 issues were found when checking AAR metadata:
     
       1.  Dependency 'androidx.compose.material:material-ripple-android:1.12.1' requires libraries and applications that
           depend on it to compile against version 37 or later of the
           Android APIs.
     
           :app is currently compiled against android-36.
     
           Recommended action: Update this project to use a newer compileSdk
           of at least 37, for example 37.2.
     
           Note that updating a library or application's compileSdk (which
           allows newer APIs to be used) can be done separately from updating
           targetSdk (which opts the app in to new runtime behavior) and
           minSdk (which determines which devices the app can be installed
           on).
     
       2.  Dependency 'androidx.compose.foundation:foundation-android:1.12.1' requires libraries and applications that
           depend on it to compile against version 37 or later of the
           Android APIs.
     
           :app is currently compiled against android-36.
     
           Recommended action: Update this project to use a newer compileSdk
           of at least 37, for example 37.2.
     
           Note that updating a library or application's compileSdk (which
           allows newer APIs to be used) can be done separately from updating
           targetSdk (which opts the app in to new runtime behavior) and
           minSdk (which determines which devices the app can be installed
           on).
     
       3.  Dependency 'androidx.compose.animation:animation-android:1.12.1' requires libraries and applications that
           depend on it to compile against version 37 or later of the
           Android APIs.
     
           :app is currently compiled against android-36.
     
           Recommended action: Update this project to use a newer compileSdk
           of at least 37, for example 37.2.
     
           Note that updating a library or application's compileSdk (which
           allows newer APIs to be used) can be done separately from updating
           targetSdk (which opts the app in to new runtime behavior) and
           minSdk (which determines which devices the app can be installed
           on).
     
       4.  Dependency 'androidx.compose.foundation:foundation-layout-android:1.12.1' requires libraries and applications that
           depend on it to compile against version 37 or later of the
           Android APIs.
     
           :app is currently compiled against android-36.
     
           Recommended action: Update this project to use a newer compileSdk
           of at least 37, for example 37.2.
     
           Note that updating a library or application's compileSdk (which
           allows newer APIs to be used) can be done separately from updating
           targetSdk (which opts the app in to new runtime behavior) and
           minSdk (which determines which devices the app can be installed
           on).
     
       5.  Dependency 'androidx.compose.animation:animation-core-android:1.12.1' requires libraries and applications that
           depend on it to compile against version 37 or later of the
           Android APIs.
     
           :app is currently compiled against android-36.
     
           Recommended action: Update this project to use a newer compileSdk
           of at least 37, for example 37.2.
     
           Note that updating a library or application's compileSdk (which
           allows newer APIs to be used) can be done separately from updating
           targetSdk (which opts the app in to new runtime behavior) and
           minSdk (which determines which devices the app can be installed
           on).
     
       6.  Dependency 'androidx.compose.ui:ui-graphics-android:1.12.1' requires libraries and applications that
           depend on it to compile against version 37 or later of the
           Android APIs.
     
           :app is currently compiled against android-36.
     
           Recommended action: Update this project to use a newer compileSdk
           of at least 37, for example 37.2.
     
           Note that updating a library or application's compileSdk (which
           allows newer APIs to be used) can be done separately from updating
           targetSdk (which opts the app in to new runtime behavior) and
           minSdk (which determines which devices the app can be installed
           on).
     
       7.  Dependency 'androidx.compose.ui:ui-tooling-data-android:1.12.1' requires libraries and applications that
           depend on it to compile against version 37 or later of the
           Android APIs.
     
           :app is currently compiled against android-36.
     
           Recommended action: Update this project to use a newer compileSdk
           of at least 37, for example 37.2.
     
           Note that updating a library or application's compileSdk (which
           allows newer APIs to be used) can be done separately from updating
           targetSdk (which opts the app in to new runtime behavior) and
           minSdk (which determines which devices the app can be installed
           on).
     
       8.  Dependency 'androidx.compose.ui:ui-text-android:1.12.1' requires libraries and applications that
           depend on it to compile against version 37 or later of the
           Android APIs.
     
           :app is currently compiled against android-36.
     
           Recommended action: Update this project to use a newer compileSdk
           of at least 37, for example 37.2.
     
           Note that updating a library or application's compileSdk (which
           allows newer APIs to be used) can be done separately from updating
           targetSdk (which opts the app in to new runtime behavior) and
           minSdk (which determines which devices the app can be installed
           on).
     
       9.  Dependency 'androidx.compose.ui:ui-android:1.12.1' requires libraries and applications that
           depend on it to compile against version 37 or later of the
           Android APIs.
     
           :app is currently compiled against android-36.
     
           Recommended action: Update this project to use a newer compileSdk
           of at least 37, for example 37.2.
     
           Note that updating a library or application's compileSdk (which
           allows newer APIs to be used) can be done separately from updating
           targetSdk (which opts the app in to new runtime behavior) and
           minSdk (which determines which devices the app can be installed
           on).
     
      10.  Dependency 'androidx.compose.ui:ui-tooling-android:1.12.1' requires libraries and applications that
           depend on it to compile against version 37 or later of the
           Android APIs.
     
           :app is currently compiled against android-36.
     
           Recommended action: Update this project to use a newer compileSdk
           of at least 37, for example 37.2.
     
           Note that updating a library or application's compileSdk (which
           allows newer APIs to be used) can be done separately from updating
           targetSdk (which opts the app in to new runtime behavior) and
           minSdk (which determines which devices the app can be installed
           on).
     
      11.  Dependency 'androidx.compose.runtime:runtime-saveable-android:1.12.1' requires libraries and applications that
           depend on it to compile against version 37 or later of the
           Android APIs.
     
           :app is currently compiled against android-36.
     
           Recommended action: Update this project to use a newer compileSdk
           of at least 37, for example 37.2.
     
           Note that updating a library or application's compileSdk (which
           allows newer APIs to be used) can be done separately from updating
           targetSdk (which opts the app in to new runtime behavior) and
           minSdk (which determines which devices the app can be installed
           on).

* Try:
> Run with --stacktrace option to get the stack trace.
> Run with --info or --debug option to get more log output.
> Run with --scan to get full insights from a Build Scan (powered by Develocity).
> Get more help at https://help.gradle.org.

BUILD FAILED in 1m 5s
9 actionable tasks: 9 executed
