> Task :app:preBuild UP-TO-DATE
> Task :app:preDebugBuild UP-TO-DATE
> Task :app:generateDebugBuildConfig UP-TO-DATE
> Task :app:generateDebugResources UP-TO-DATE
> Task :app:packageDebugResources UP-TO-DATE
> Task :app:processDebugNavigationResources UP-TO-DATE
> Task :app:parseDebugLocalResources UP-TO-DATE
> Task :app:generateDebugRFile UP-TO-DATE
> Task :app:javaPreCompileDebug UP-TO-DATE
> Task :app:mapDebugSourceSetPaths
> Task :app:checkDebugAarMetadata
> Task :app:kspDebugKotlin
> Task :app:compileDebugNavigationResources
> Task :app:createDebugCompatibleScreenManifests
> Task :app:extractDeepLinksDebug
> Task :app:mergeDebugResources
> Task :app:processDebugMainManifest
> Task :app:processDebugManifest
> Task :app:preDebugUnitTestBuild UP-TO-DATE
> Task :app:javaPreCompileDebugUnitTest
> Task :app:processDebugManifestForPackage
> Task :app:processDebugResources
> Task :app:compileDebugKotlin
> Task :app:compileDebugJavaWithJavac
> Task :app:bundleDebugClassesToCompileJar
> Task :app:bundleDebugClassesToRuntimeJar
> Task :app:processDebugJavaRes
> Task :app:kspDebugUnitTestKotlin
> Task :app:compileDebugUnitTestKotlin
> Task :app:compileDebugUnitTestJavaWithJavac NO-SOURCE
> Task :app:processDebugUnitTestJavaRes

> Task :app:testDebugUnitTest

DomainTest > repeatedSongMakesNewOccurrence FAILED
    java.lang.IllegalStateException at DomainTest.kt:11

DomainTest > endSeekClampsToLastFrame FAILED
    java.lang.IllegalStateException at DomainTest.kt:8

DomainTest > loggerRedactsSecretsAndAudio FAILED
    java.lang.IllegalStateException at DomainTest.kt:12

DomainTest > lateResultsCannotRewindCurrentSong FAILED
    java.lang.IllegalStateException at DomainTest.kt:10

DomainTest > cleanupMustKeepOriginalWhenConfidenceLow FAILED
    java.lang.IllegalStateException at DomainTest.kt:13

DomainTest > awayResumeKeepsValidState FAILED
    java.lang.IllegalStateException at DomainTest.kt:6

DomainTest > stateRejectsUnconfirmedStop FAILED
    java.lang.IllegalStateException at DomainTest.kt:5

DomainTest > jitterDoesNotSwitchSong FAILED
    java.lang.IllegalStateException at DomainTest.kt:9

DomainTest > gapDoesNotEnterLogicalTime FAILED
    java.lang.IllegalStateException at DomainTest.kt:7

9 tests completed, 9 failed

> Task :app:testDebugUnitTest FAILED

FAILURE: Build failed with an exception.

* What went wrong:
Execution failed for task ':app:testDebugUnitTest'.
> There were failing tests. See the report at: file:///Users/zzymima0000/Developer/coding/1.Active/041-ing-nightrec/app/build/reports/tests/testDebugUnitTest/index.html

* Try:
> Run with --scan to get full insights from a Build Scan (powered by Develocity).

BUILD FAILED in 30s
28 actionable tasks: 21 executed, 7 up-to-date
