INSTRUMENTATION_STATUS: class=com.nightrec.app.OriginalImmutabilityTest
INSTRUMENTATION_STATUS: current=1
INSTRUMENTATION_STATUS: id=AndroidJUnitRunner
INSTRUMENTATION_STATUS: numtests=12
INSTRUMENTATION_STATUS: stream=
com.nightrec.app.OriginalImmutabilityTest:
INSTRUMENTATION_STATUS: test=cleanNeverMutatesOriginalAcrossAllAbSamples
INSTRUMENTATION_STATUS_CODE: 1
INSTRUMENTATION_STATUS: class=com.nightrec.app.OriginalImmutabilityTest
INSTRUMENTATION_STATUS: current=1
INSTRUMENTATION_STATUS: id=AndroidJUnitRunner
INSTRUMENTATION_STATUS: numtests=12
INSTRUMENTATION_STATUS: stream=.
INSTRUMENTATION_STATUS: test=cleanNeverMutatesOriginalAcrossAllAbSamples
INSTRUMENTATION_STATUS_CODE: 0
INSTRUMENTATION_STATUS: class=com.nightrec.app.OriginalImmutabilityTest
INSTRUMENTATION_STATUS: current=2
INSTRUMENTATION_STATUS: id=AndroidJUnitRunner
INSTRUMENTATION_STATUS: numtests=12
INSTRUMENTATION_STATUS: stream=
INSTRUMENTATION_STATUS: test=engineRefusesToWriteBackToOriginal
INSTRUMENTATION_STATUS_CODE: 1
INSTRUMENTATION_STATUS: class=com.nightrec.app.OriginalImmutabilityTest
INSTRUMENTATION_STATUS: current=2
INSTRUMENTATION_STATUS: id=AndroidJUnitRunner
INSTRUMENTATION_STATUS: numtests=12
INSTRUMENTATION_STATUS: stream=.
INSTRUMENTATION_STATUS: test=engineRefusesToWriteBackToOriginal
INSTRUMENTATION_STATUS_CODE: 0
INSTRUMENTATION_STATUS: class=com.nightrec.app.RecognitionPersistenceTest
INSTRUMENTATION_STATUS: current=3
INSTRUMENTATION_STATUS: id=AndroidJUnitRunner
INSTRUMENTATION_STATUS: numtests=12
INSTRUMENTATION_STATUS: stream=
com.nightrec.app.RecognitionPersistenceTest:
INSTRUMENTATION_STATUS: test=timelineReflectsConfirmedTrackAndUnknowns
INSTRUMENTATION_STATUS_CODE: 1
INSTRUMENTATION_STATUS: class=com.nightrec.app.RecognitionPersistenceTest
INSTRUMENTATION_STATUS: current=3
INSTRUMENTATION_STATUS: id=AndroidJUnitRunner
INSTRUMENTATION_STATUS: numtests=12
INSTRUMENTATION_STATUS: stream=.
INSTRUMENTATION_STATUS: test=timelineReflectsConfirmedTrackAndUnknowns
INSTRUMENTATION_STATUS_CODE: 0
INSTRUMENTATION_STATUS: class=com.nightrec.app.RecognitionPersistenceTest
INSTRUMENTATION_STATUS: current=4
INSTRUMENTATION_STATUS: id=AndroidJUnitRunner
INSTRUMENTATION_STATUS: numtests=12
INSTRUMENTATION_STATUS: stream=
INSTRUMENTATION_STATUS: test=duplicateObservationPersistsOnceAndSingleHitDoesNotStabilize
INSTRUMENTATION_STATUS_CODE: 1
INSTRUMENTATION_STATUS: class=com.nightrec.app.RecognitionPersistenceTest
INSTRUMENTATION_STATUS: current=4
INSTRUMENTATION_STATUS: id=AndroidJUnitRunner
INSTRUMENTATION_STATUS: numtests=12
INSTRUMENTATION_STATUS: stream=.
INSTRUMENTATION_STATUS: test=duplicateObservationPersistsOnceAndSingleHitDoesNotStabilize
INSTRUMENTATION_STATUS_CODE: 0
INSTRUMENTATION_STATUS: class=com.nightrec.app.RecognitionPersistenceTest
INSTRUMENTATION_STATUS: current=5
INSTRUMENTATION_STATUS: id=AndroidJUnitRunner
INSTRUMENTATION_STATUS: numtests=12
INSTRUMENTATION_STATUS: stream=
INSTRUMENTATION_STATUS: test=unmatchedObservationCreatesUnrecognizedRange
INSTRUMENTATION_STATUS_CODE: 1
INSTRUMENTATION_STATUS: class=com.nightrec.app.RecognitionPersistenceTest
INSTRUMENTATION_STATUS: current=5
INSTRUMENTATION_STATUS: id=AndroidJUnitRunner
INSTRUMENTATION_STATUS: numtests=12
INSTRUMENTATION_STATUS: stream=.
INSTRUMENTATION_STATUS: test=unmatchedObservationCreatesUnrecognizedRange
INSTRUMENTATION_STATUS_CODE: 0
INSTRUMENTATION_STATUS: class=com.nightrec.app.RecognitionPersistenceTest
INSTRUMENTATION_STATUS: current=6
INSTRUMENTATION_STATUS: id=AndroidJUnitRunner
INSTRUMENTATION_STATUS: numtests=12
INSTRUMENTATION_STATUS: stream=
INSTRUMENTATION_STATUS: test=secondHitStabilizesIntoOccurrence
INSTRUMENTATION_STATUS_CODE: 1
INSTRUMENTATION_STATUS: class=com.nightrec.app.RecognitionPersistenceTest
INSTRUMENTATION_STATUS: current=6
INSTRUMENTATION_STATUS: id=AndroidJUnitRunner
INSTRUMENTATION_STATUS: numtests=12
INSTRUMENTATION_STATUS: stream=.
INSTRUMENTATION_STATUS: test=secondHitStabilizesIntoOccurrence
INSTRUMENTATION_STATUS_CODE: 0
INSTRUMENTATION_STATUS: class=com.nightrec.app.RecognitionPersistenceTest
INSTRUMENTATION_STATUS: current=7
INSTRUMENTATION_STATUS: id=AndroidJUnitRunner
INSTRUMENTATION_STATUS: numtests=12
INSTRUMENTATION_STATUS: stream=
INSTRUMENTATION_STATUS: test=hitCooldownSkipsRequestsUntilCooldownElapses
INSTRUMENTATION_STATUS_CODE: 1
INSTRUMENTATION_STATUS: class=com.nightrec.app.RecognitionPersistenceTest
INSTRUMENTATION_STATUS: current=7
INSTRUMENTATION_STATUS: id=AndroidJUnitRunner
INSTRUMENTATION_STATUS: numtests=12
INSTRUMENTATION_STATUS: stream=.
INSTRUMENTATION_STATUS: test=hitCooldownSkipsRequestsUntilCooldownElapses
INSTRUMENTATION_STATUS_CODE: 0
INSTRUMENTATION_STATUS: class=com.nightrec.app.RoomBaselineTest
INSTRUMENTATION_STATUS: current=8
INSTRUMENTATION_STATUS: id=AndroidJUnitRunner
INSTRUMENTATION_STATUS: numtests=12
INSTRUMENTATION_STATUS: stream=
com.nightrec.app.RoomBaselineTest:
INSTRUMENTATION_STATUS: test=onlyOneActiveSessionAllowed
INSTRUMENTATION_STATUS_CODE: 1
INSTRUMENTATION_STATUS: class=com.nightrec.app.RoomBaselineTest
INSTRUMENTATION_STATUS: current=8
INSTRUMENTATION_STATUS: id=AndroidJUnitRunner
INSTRUMENTATION_STATUS: numtests=12
INSTRUMENTATION_STATUS: stream=.
INSTRUMENTATION_STATUS: test=onlyOneActiveSessionAllowed
INSTRUMENTATION_STATUS_CODE: 0
INSTRUMENTATION_STATUS: class=com.nightrec.app.RoomBaselineTest
INSTRUMENTATION_STATUS: current=9
INSTRUMENTATION_STATUS: id=AndroidJUnitRunner
INSTRUMENTATION_STATUS: numtests=12
INSTRUMENTATION_STATUS: stream=
INSTRUMENTATION_STATUS: test=duplicateObservationIsIgnoredByIdempotencyKey
INSTRUMENTATION_STATUS_CODE: 1
INSTRUMENTATION_STATUS: class=com.nightrec.app.RoomBaselineTest
INSTRUMENTATION_STATUS: current=9
INSTRUMENTATION_STATUS: id=AndroidJUnitRunner
INSTRUMENTATION_STATUS: numtests=12
INSTRUMENTATION_STATUS: stream=.
INSTRUMENTATION_STATUS: test=duplicateObservationIsIgnoredByIdempotencyKey
INSTRUMENTATION_STATUS_CODE: 0
INSTRUMENTATION_STATUS: class=com.nightrec.app.SpikeDeviceTest
INSTRUMENTATION_STATUS: current=10
INSTRUMENTATION_STATUS: id=AndroidJUnitRunner
INSTRUMENTATION_STATUS: numtests=12
INSTRUMENTATION_STATUS: stream=
com.nightrec.app.SpikeDeviceTest:
INSTRUMENTATION_STATUS: test=yamnetRunsOnDeviceAndProducesFiniteScores
INSTRUMENTATION_STATUS_CODE: 1
INSTRUMENTATION_STATUS: class=com.nightrec.app.SpikeDeviceTest
INSTRUMENTATION_STATUS: current=10
INSTRUMENTATION_STATUS: id=AndroidJUnitRunner
INSTRUMENTATION_STATUS: numtests=12
INSTRUMENTATION_STATUS: stream=.
INSTRUMENTATION_STATUS: test=yamnetRunsOnDeviceAndProducesFiniteScores
INSTRUMENTATION_STATUS_CODE: 0
INSTRUMENTATION_STATUS: class=com.nightrec.app.SpikeDeviceTest
INSTRUMENTATION_STATUS: current=11
INSTRUMENTATION_STATUS: id=AndroidJUnitRunner
INSTRUMENTATION_STATUS: numtests=12
INSTRUMENTATION_STATUS: stream=
INSTRUMENTATION_STATUS: test=actualSealedSegmentsPlayAcrossBoundaryAndSeekTwentyTimes
INSTRUMENTATION_STATUS_CODE: 1
INSTRUMENTATION_STATUS: class=com.nightrec.app.SpikeDeviceTest
INSTRUMENTATION_STATUS: current=11
INSTRUMENTATION_STATUS: id=AndroidJUnitRunner
INSTRUMENTATION_STATUS: numtests=12
INSTRUMENTATION_STATUS: stack=java.lang.AssertionError: Seek 3 ready within 250ms (256 ms)
	at org.junit.Assert.fail(Assert.java:89)
	at org.junit.Assert.assertTrue(Assert.java:42)
	at com.nightrec.app.SpikeDeviceTest.actualSealedSegmentsPlayAcrossBoundaryAndSeekTwentyTimes(SpikeDeviceTest.kt:100)

INSTRUMENTATION_STATUS: stream=
Error in actualSealedSegmentsPlayAcrossBoundaryAndSeekTwentyTimes(com.nightrec.app.SpikeDeviceTest):
java.lang.AssertionError: Seek 3 ready within 250ms (256 ms)
	at org.junit.Assert.fail(Assert.java:89)
	at org.junit.Assert.assertTrue(Assert.java:42)
	at com.nightrec.app.SpikeDeviceTest.actualSealedSegmentsPlayAcrossBoundaryAndSeekTwentyTimes(SpikeDeviceTest.kt:100)

INSTRUMENTATION_STATUS: test=actualSealedSegmentsPlayAcrossBoundaryAndSeekTwentyTimes
INSTRUMENTATION_STATUS_CODE: -2
INSTRUMENTATION_STATUS: class=com.nightrec.app.SpikeDeviceTest
INSTRUMENTATION_STATUS: current=12
INSTRUMENTATION_STATUS: id=AndroidJUnitRunner
INSTRUMENTATION_STATUS: numtests=12
INSTRUMENTATION_STATUS: stream=
INSTRUMENTATION_STATUS: test=classifyTwentyControlledVocalSpeechMixtures
INSTRUMENTATION_STATUS_CODE: 1
INSTRUMENTATION_STATUS: class=com.nightrec.app.SpikeDeviceTest
INSTRUMENTATION_STATUS: current=12
INSTRUMENTATION_STATUS: id=AndroidJUnitRunner
INSTRUMENTATION_STATUS: numtests=12
INSTRUMENTATION_STATUS: stream=.
INSTRUMENTATION_STATUS: test=classifyTwentyControlledVocalSpeechMixtures
INSTRUMENTATION_STATUS_CODE: 0
INSTRUMENTATION_RESULT: stream=

Time: 11.889
There was 1 failure:
1) actualSealedSegmentsPlayAcrossBoundaryAndSeekTwentyTimes(com.nightrec.app.SpikeDeviceTest)
java.lang.AssertionError: Seek 3 ready within 250ms (256 ms)
	at org.junit.Assert.fail(Assert.java:89)
	at org.junit.Assert.assertTrue(Assert.java:42)
	at com.nightrec.app.SpikeDeviceTest.actualSealedSegmentsPlayAcrossBoundaryAndSeekTwentyTimes(SpikeDeviceTest.kt:100)

FAILURES!!!
Tests run: 12,  Failures: 1


INSTRUMENTATION_CODE: -1
